zsh:1: command not found: phpunit
